A51 MACRO ASSEMBLER  EXP6                                                                 03/07/2024 17:52:45 PAGE     1


MACRO ASSEMBLER A51 V8.2.7.0
OBJECT MODULE PLACED IN .\Objects\Exp6.obj
ASSEMBLER INVOKED BY: C:\Keil_v5\C51\BIN\A51.EXE Exp6.a51 SET(SMALL) DEBUG PRINT(.\Listings\Exp6.lst) OBJECT(.\Objects\E
                      xp6.obj) EP

LOC  OBJ            LINE     SOURCE

                       1     
                       2     
                       3     
                       4     
                       5     
                       6     
                       7     
                       8     
                       9     
                      10     
                      11     
                      12     
                      13     
                      14     
                      15     
                      16     
                      17                     
                      18     
                      19     
                      20     
                      21     
                      22     
                      23     
                      24     
                      25     
                      26     
                      27     
                      28     
                      29     
                      30     
                      31     
                      32     
                      33     
                      34     
                      35     
                      36     
                      37                     
                      38     
                      39     
                      40     
                      41     
                      42     
                      43     
                      44     
                      45     
                      46     
                      47     
                      48     
                      49     
                      50     
                      51     
                      52     
                      53     
                      54     
                      55     
                      56     
0000                  57     ORG 0000H
A51 MACRO ASSEMBLER  EXP6                                                                 03/07/2024 17:52:45 PAGE     2

0000 7840             58     MOV R0, #40H
0002 753300           59     MOV 51, #00H
0005 753200           60     MOV 50, #00H
0008 790A             61     MOV R1, #0AH
000A E551             62     DO1: MOV A,51H
000C 26               63     ADD A, @R0
000D F551             64     MOV 51H, A
000F 08               65     INC R0
0010 5006             66     JNC DO
0012 E550             67     MOV A,50H
0014 2401             68     ADD A, #01H
0016 F550             69     MOV 50H, A
0018                  70     DO:
0018 D9F0             71     DJNZ R1, DO1
                      72     END
                                             
                                     
A51 MACRO ASSEMBLER  EXP6                                                                 03/07/2024 17:52:45 PAGE     3

SYMBOL TABLE LISTING
------ ----- -------


N A M E             T Y P E  V A L U E   ATTRIBUTES

DO . . . . . . . .  C ADDR   0018H   A   
DO1. . . . . . . .  C ADDR   000AH   A   


REGISTER BANK(S) USED: 0 


ASSEMBLY COMPLETE.  0 WARNING(S), 0 ERROR(S)
