C51 COMPILER V9.60.7.0   EXP9                                                              04/06/2024 15:42:23 PAGE 1   


C51 COMPILER V9.60.7.0, COMPILATION OF MODULE EXP9
OBJECT MODULE PLACED IN .\Objects\EXP9.obj
COMPILER INVOKED BY: C:\Keil_v5\C51\BIN\C51.EXE EXP9.c OPTIMIZE(8,SPEED) BROWSE DEBUG OBJECTEXTEND PRINT(.\Listings\EXP9
                    -.lst) TABS(2) OBJECT(.\Objects\EXP9.obj)

line level    source

   1          /*#include<reg51.h>
   2          
   3          void timer_delay(void);
   4          
   5          void main(){
   6            P1=0x00;
   7            while(1){
   8              P1=0xff;
   9              timer_delay();
  10              P1=0x00;
  11              timer_delay();
  12            }
  13          }
  14          
  15          void timer_delay(void){
  16            TMOD=0x01;
  17            TH0=0xfc;
  18            TL0=0x67;
  19            TR0=1;
  20            while(TF0==0){
  21              ;
  22            }
  23            TF0=0;
  24            TR0=0;
  25          }*/
  26          
  27          /*#include<reg51.h>
  28          void delay(void);
  29          sbit led = P1^1;
  30          void main()
  31          {
  32            while(1)
  33            {
  34              led=1;
  35              delay();
  36              led=0;
  37              delay();
  38            }
  39          }
  40          void delay(void)
  41          {
  42            TMOD=0x01;
  43            TH0=0xFC;
  44            TL0=0x67;
  45            TR0=1;
  46            while(TF0 == 0);
  47            TF0=0;
  48            TR0=0;
  49          }*/
  50          /*#include<reg51.h>
  51          void delay(void);
  52          sbit led = P1^1;
  53          sbit toggle = P2^0;
  54          void main()
C51 COMPILER V9.60.7.0   EXP9                                                              04/06/2024 15:42:23 PAGE 2   

  55          {
  56            while(1)
  57            {
  58              if (toggle == 1)
  59              {
  60                led=1;
  61                delay();
  62                led=0;
  63                delay();
  64              }
  65            }
  66          }
  67          void delay(void)
  68          {
  69            TMOD=0x01;
  70            TH0=0xFC;
  71            TL0=0x67;
  72            TR0=1;
  73            while(TF0 == 0);
  74            TF0=0;
  75            TR0=0;
  76          }*/
  77          
  78          #include<reg51.h>
  79          void t_on(int, int);
  80          void t_off(int, int);
  81          sbit sw1 = P2^0;
  82          sbit sw2 = P2^1;
  83          sbit sw3 = P2^2;
  84          sbit sw4 = P2^3;
  85          sbit led1 = P1^0;
  86          sbit led2 = P1^1;
  87          sbit led3 = P1^2;
  88          sbit led4 = P1^3;
  89          void main()
  90          {
  91   1        while(1)
  92   1          {
  93   2            if (sw1==1)
  94   2            {
  95   3              led1=1;
  96   3              t_on(0XFF,0X76);
  97   3              led1=0;
  98   3              t_off(0XFE,0XBD);
  99   3            }
 100   2            else if (sw2==1)
 101   2            {
 102   3              led2=1;
 103   3              t_on(0XFD,0X7B);
 104   3              led2=0;
 105   3              t_off(0XFE,0XEB);
 106   3            }
 107   2            else if (sw3==1)
 108   2            {
 109   3              led3=1;
 110   3              t_on(0XFD,0XD7);
 111   3              led3=0;
 112   3              t_off(0XFA,0XF6);
 113   3            }
 114   2            else if (sw4==1)
 115   2            {
 116   3              led4=1;
C51 COMPILER V9.60.7.0   EXP9                                                              04/06/2024 15:42:23 PAGE 3   

 117   3              t_on(0XFC,0XC2);
 118   3              led4=0;
 119   3              t_off(0XFF,0XA4);
 120   3            }
 121   2          }
 122   1        }
 123          void t_on(int th_on, int tl_on)
 124          {
 125   1        TMOD=0x10;
 126   1        TH1=th_on;
 127   1        TL1=tl_on;
 128   1        TR1=1;
 129   1        while(TF1 == 0);
 130   1        TF1=0;
 131   1        TR1=0;
 132   1      }
 133          void t_off(int th_off, int tl_off)
 134          {
 135   1        TMOD=0x10;
 136   1        TH1=th_off;
 137   1        TL1=tl_off;
 138   1        TR1=1;
 139   1        while(TF1 == 0);
 140   1        TF1=0;
 141   1        TR1=0;
 142   1      }
 143          
 144          
 145          
 146          


MODULE INFORMATION:   STATIC OVERLAYABLE
   CODE SIZE        =    134    ----
   CONSTANT SIZE    =   ----    ----
   XDATA SIZE       =   ----    ----
   PDATA SIZE       =   ----    ----
   DATA SIZE        =   ----    ----
   IDATA SIZE       =   ----    ----
   BIT SIZE         =   ----    ----
END OF MODULE INFORMATION.


C51 COMPILATION COMPLETE.  0 WARNING(S),  0 ERROR(S)
